
> telegram-stories-viewer-bot@1.34.0 test
> jest --runInBand --forceExit

PASS __tests__/stars-mode-safety.test.ts
PASS __tests__/btc-payment.test.ts
PASS __tests__/send-stories.test.ts
PASS __tests__/monitor-active-stories.test.ts (7.941 s)
  ● Console

    console.log
      Global error handlers have been attached.

      at Object.<anonymous> (src/index.ts:16:9)

    console.log
      [Monitor] Checking @tester for subscriber user.

      at checkSingleMonitor (src/services/monitor-service.ts:273:13)

    console.log
      [Monitor] @tester: 1 new active stories queued for delivery.

      at checkSingleMonitor (src/services/monitor-service.ts:309:15)

    console.log
      [Monitor] @tester: 1 new pinned stories queued for delivery.

      at checkSingleMonitor (src/services/monitor-service.ts:357:15)

    console.log
      [Monitor] Checking @tester for subscriber user.

      at checkSingleMonitor (src/services/monitor-service.ts:273:13)

    console.log
      [Monitor] @tester: no new stories found.

      at checkSingleMonitor (src/services/monitor-service.ts:382:15)

    console.log
      [Monitor] Checking @tester for subscriber user.

      at checkSingleMonitor (src/services/monitor-service.ts:273:13)

    console.log
      [Monitor] @tester: 1 new active stories queued for delivery.

      at checkSingleMonitor (src/services/monitor-service.ts:309:15)

    console.log
      [Monitor] Checking @tester for subscriber user.

      at checkSingleMonitor (src/services/monitor-service.ts:273:13)

    console.log
      [Monitor] @tester: no new stories found.

      at checkSingleMonitor (src/services/monitor-service.ts:382:15)

    console.log
      [Monitor] Checking @tester for subscriber user.

      at checkSingleMonitor (src/services/monitor-service.ts:273:13)

    console.log
      [Monitor] @tester: 1 new active stories queued for delivery.

      at checkSingleMonitor (src/services/monitor-service.ts:309:15)

    console.error
      [Monitor] Error checking @tester: Error: Telegram unavailable
          at Object.<anonymous> (/home/runner/work/telegram-stories-viewer-bot/telegram-stories-viewer-bot/__tests__/monitor-active-stories.test.ts:123:28)
          at Promise.finally.completed (/home/runner/work/telegram-stories-viewer-bot/telegram-stories-viewer-bot/node_modules/jest-circus/build/jestAdapterInit.js:1559:28)
          at new Promise (<anonymous>)
          at callAsyncCircusFn (/home/runner/work/telegram-stories-viewer-bot/telegram-stories-viewer-bot/node_modules/jest-circus/build/jestAdapterInit.js:1499:10)
          at _callCircusTest (/home/runner/work/telegram-stories-viewer-bot/telegram-stories-viewer-bot/node_modules/jest-circus/build/jestAdapterInit.js:1009:40)
          at async _runTest (/home/runner/work/telegram-stories-viewer-bot/telegram-stories-viewer-bot/node_modules/jest-circus/build/jestAdapterInit.js:949:3)
          at async _runTestsForDescribeBlock (/home/runner/work/telegram-stories-viewer-bot/telegram-stories-viewer-bot/node_modules/jest-circus/build/jestAdapterInit.js:839:13)
          at async run (/home/runner/work/telegram-stories-viewer-bot/telegram-stories-viewer-bot/node_modules/jest-circus/build/jestAdapterInit.js:757:3)
          at async runAndTransformResultsToJestFormat (/home/runner/work/telegram-stories-viewer-bot/telegram-stories-viewer-bot/node_modules/jest-circus/build/jestAdapterInit.js:1920:21)
          at async jestAdapter (/home/runner/work/telegram-stories-viewer-bot/telegram-stories-viewer-bot/node_modules/jest-circus/build/runner.js:101:19)
          at async runTestInternal (/home/runner/work/telegram-stories-viewer-bot/telegram-stories-viewer-bot/node_modules/jest-runner/build/index.js:272:16)
          at async runTest (/home/runner/work/telegram-stories-viewer-bot/telegram-stories-viewer-bot/node_modules/jest-runner/build/index.js:340:7)

    [0m [90m 24 |[39m   [36mconst[39m originalError [33m=[39m console[33m.[39merror[33m.[39mbind(console)[33m;[39m
     [90m 25 |[39m   console[33m.[39merror [33m=[39m ([33m...[39margs[33m:[39m any[]) [33m=>[39m {
    [31m[1m>[22m[39m[90m 26 |[39m     originalError([33m...[39margs)[33m;[39m
     [90m    |[39m     [31m[1m^[22m[39m
     [90m 27 |[39m     [36mfor[39m ([36mconst[39m arg [36mof[39m args) {
     [90m 28 |[39m       [36mif[39m ([36mtypeof[39m arg [33m===[39m [32m'string'[39m [33m&&[39m arg[33m.[39mincludes([32m'[TimeoutMonitor]'[39m)) [36mcontinue[39m[33m;[39m
     [90m 29 |[39m       [36mtry[39m {[0m

      at console.error (src/config/timeout-monitor.ts:26:5)
      at checkSingleMonitor (src/services/monitor-service.ts:437:13)
      at async Object.<anonymous> (__tests__/monitor-active-stories.test.ts:126:3)

    console.log
      [Monitor] Checking @tester for subscriber user.

      at checkSingleMonitor (src/services/monitor-service.ts:273:13)

    console.log
      [Monitor] @tester: 1 new active stories queued for delivery.

      at checkSingleMonitor (src/services/monitor-service.ts:309:15)

    console.log
      [Monitor] Checking @tester for subscriber user.

      at checkSingleMonitor (src/services/monitor-service.ts:273:13)

    console.log
      [Monitor] @tester: 1 new active stories queued for delivery.

      at checkSingleMonitor (src/services/monitor-service.ts:309:15)

    console.warn
      [Monitor] @tester: 1 active stories were not delivered and will be retried.

    [0m [90m 348 |[39m
     [90m 349 |[39m       [36mif[39m (deliveredActiveIds[33m.[39msize [33m<[39m newActive[33m.[39mlength) {
    [31m[1m>[22m[39m[90m 350 |[39m         console[33m.[39mwarn(
     [90m     |[39m                 [31m[1m^[22m[39m
     [90m 351 |[39m           [32m`[Monitor] ${targetLabel}: ${newActive.length - deliveredActiveIds.size} active stories were not delivered and will be retried.`[39m[33m,[39m
     [90m 352 |[39m         )[33m;[39m
     [90m 353 |[39m       }[0m

      at checkSingleMonitor (src/services/monitor-service.ts:350:17)
      at async Object.<anonymous> (__tests__/monitor-active-stories.test.ts:149:3)

    console.log
      [Monitor] Checking @tester for subscriber user.

      at checkSingleMonitor (src/services/monitor-service.ts:273:13)

    console.log
      [Monitor] @tester: 1 new active stories queued for delivery.

      at checkSingleMonitor (src/services/monitor-service.ts:309:15)

    console.log
      [Monitor] Checking @tester for subscriber user.

      at checkSingleMonitor (src/services/monitor-service.ts:273:13)

    console.log
      [Monitor] @tester: 2 new active stories queued for delivery.

      at checkSingleMonitor (src/services/monitor-service.ts:309:15)

    console.warn
      [Monitor] @tester: 1 active stories were not delivered and will be retried.

    [0m [90m 348 |[39m
     [90m 349 |[39m       [36mif[39m (deliveredActiveIds[33m.[39msize [33m<[39m newActive[33m.[39mlength) {
    [31m[1m>[22m[39m[90m 350 |[39m         console[33m.[39mwarn(
     [90m     |[39m                 [31m[1m^[22m[39m
     [90m 351 |[39m           [32m`[Monitor] ${targetLabel}: ${newActive.length - deliveredActiveIds.size} active stories were not delivered and will be retried.`[39m[33m,[39m
     [90m 352 |[39m         )[33m;[39m
     [90m 353 |[39m       }[0m

      at checkSingleMonitor (src/services/monitor-service.ts:350:17)
      at async Object.<anonymous> (__tests__/monitor-active-stories.test.ts:170:3)

PASS __tests__/stars-payment.test.ts
PASS __tests__/queue-manager.test.ts
  ● Console

    console.log
      [QueueManager] Queue is empty. Processor is idle.

      at Immediate.processQueue (src/services/queue-manager.ts:181:13)

    console.log
      [QueueManager] Queue is empty. Processor is idle.

      at Immediate.processQueue (src/services/queue-manager.ts:181:13)

PASS __tests__/send-active-stories.test.ts
PASS __tests__/contacts.test.ts
PASS __tests__/admin-stats.test.ts
  ● Console

    console.log
      Global error handlers have been attached.

      at Object.<anonymous> (src/index.ts:16:9)

PASS __tests__/stars-delivery-guard.test.ts
PASS __tests__/monitor-username-change.test.ts
  ● Console

    console.log
      [Monitor] Checking @newname for subscriber tester.

      at checkSingleMonitor (src/services/monitor-service.ts:273:13)

    console.log
      [Monitor] @newname: no new stories found.

      at checkSingleMonitor (src/services/monitor-service.ts:382:15)

PASS __tests__/premium-service.test.ts
PASS __tests__/callback-query.test.ts
  ● Console

    console.log
      Global error handlers have been attached.

      at Object.<anonymous> (src/index.ts:16:9)

PASS __tests__/reset-stuck-jobs.test.ts
PASS __tests__/invalid-link-suspension.test.ts
PASS __tests__/upgrade-command.test.ts
PASS __tests__/monitor-premium-expiration.test.ts
PASS __tests__/stars-command-surface.test.ts
PASS __tests__/monitor-profile-photo.test.ts
  ● Console

    console.log
      [Monitor] Checking @tester for subscriber user.

      at checkSingleMonitor (src/services/monitor-service.ts:273:13)

    console.log
      [Monitor] @tester: no new stories found.

      at checkSingleMonitor (src/services/monitor-service.ts:382:15)

    console.log
      [Monitor] Checking @tester for subscriber user.

      at checkSingleMonitor (src/services/monitor-service.ts:273:13)

    console.log
      [Monitor] @tester: no new stories found.

      at checkSingleMonitor (src/services/monitor-service.ts:382:15)

    console.log
      [Monitor] Checking @tester for subscriber user.

      at checkSingleMonitor (src/services/monitor-service.ts:273:13)

    console.log
      [Monitor] @tester: no new stories found.

      at checkSingleMonitor (src/services/monitor-service.ts:382:15)

    console.log
      [Monitor] Checking @tester for subscriber user.

      at checkSingleMonitor (src/services/monitor-service.ts:273:13)

    console.log
      [Monitor] @tester: no new stories found.

      at checkSingleMonitor (src/services/monitor-service.ts:382:15)

    console.log
      [Monitor] Checking @tester for subscriber user.

      at checkSingleMonitor (src/services/monitor-service.ts:273:13)

    console.log
      [Monitor] @tester: no new stories found.

      at checkSingleMonitor (src/services/monitor-service.ts:382:15)

PASS __tests__/send-profile-media.test.ts
PASS __tests__/queue-timeout.test.ts
  ● Console

    console.log
      [QueueManager] Starting processing for user (Job ID: 1)

      at processQueue (src/services/queue-manager.ts:232:13)

    console.log
      [QueueManager] Queue is empty. Processor is idle.

      at Immediate.processQueue (src/services/queue-manager.ts:181:13)

PASS __tests__/profile-spam.test.ts
PASS __tests__/stars-final-safety.test.ts
PASS __tests__/monitor-story-dedupe.test.ts
  ● Console

    console.log
      Global error handlers have been attached.

      at Object.<anonymous> (src/index.ts:16:9)

    console.log
      [Monitor] Checking @tester for subscriber user.

      at checkSingleMonitor (src/services/monitor-service.ts:273:13)

    console.log
      [Monitor] @tester: 1 new active stories queued for delivery.

      at checkSingleMonitor (src/services/monitor-service.ts:309:15)

    console.warn
      [Monitor] @tester: 1 active stories were not delivered and will be retried.

    [0m [90m 348 |[39m
     [90m 349 |[39m       [36mif[39m (deliveredActiveIds[33m.[39msize [33m<[39m newActive[33m.[39mlength) {
    [31m[1m>[22m[39m[90m 350 |[39m         console[33m.[39mwarn(
     [90m     |[39m                 [31m[1m^[22m[39m
     [90m 351 |[39m           [32m`[Monitor] ${targetLabel}: ${newActive.length - deliveredActiveIds.size} active stories were not delivered and will be retried.`[39m[33m,[39m
     [90m 352 |[39m         )[33m;[39m
     [90m 353 |[39m       }[0m

      at checkSingleMonitor (src/services/monitor-service.ts:350:17)
      at async Object.<anonymous> (__tests__/monitor-story-dedupe.test.ts:48:3)

    console.log
      [Monitor] Checking @tester for subscriber user.

      at checkSingleMonitor (src/services/monitor-service.ts:273:13)

    console.log
      [Monitor] @tester: 1 new active stories queued for delivery.

      at checkSingleMonitor (src/services/monitor-service.ts:309:15)

    console.warn
      [Monitor] @tester: 1 active stories were not delivered and will be retried.

    [0m [90m 348 |[39m
     [90m 349 |[39m       [36mif[39m (deliveredActiveIds[33m.[39msize [33m<[39m newActive[33m.[39mlength) {
    [31m[1m>[22m[39m[90m 350 |[39m         console[33m.[39mwarn(
     [90m     |[39m                 [31m[1m^[22m[39m
     [90m 351 |[39m           [32m`[Monitor] ${targetLabel}: ${newActive.length - deliveredActiveIds.size} active stories were not delivered and will be retried.`[39m[33m,[39m
     [90m 352 |[39m         )[33m;[39m
     [90m 353 |[39m       }[0m

      at checkSingleMonitor (src/services/monitor-service.ts:350:17)
      at async Object.<anonymous> (__tests__/monitor-story-dedupe.test.ts:49:3)

PASS __tests__/refresh-username.test.ts
PASS __tests__/stars-monitoring-locales.test.ts
PASS __tests__/premium-command.test.ts
PASS __tests__/format-monitor-target.test.ts
  ● Console

    console.log
      Global error handlers have been attached.

      at Object.<anonymous> (src/index.ts:16:9)

PASS __tests__/stars-locales.test.ts
PASS __tests__/userbot-error-handler.test.ts
  ● Console

    console.log
      error Error: TIMEOUT
          at FakeTelegramClient.start (/home/runner/work/telegram-stories-viewer-bot/telegram-stories-viewer-bot/__tests__/userbot-error-handler.test.ts:18:20)
          at initClient (/home/runner/work/telegram-stories-viewer-bot/telegram-stories-viewer-bot/src/config/userbot.ts:149:16)
          at Function.getInstance (/home/runner/work/telegram-stories-viewer-bot/telegram-stories-viewer-bot/src/config/userbot.ts:72:29)
          at initUserbot (/home/runner/work/telegram-stories-viewer-bot/telegram-stories-viewer-bot/src/config/userbot.ts:207:17)
          at Object.<anonymous> (/home/runner/work/telegram-stories-viewer-bot/telegram-stories-viewer-bot/__tests__/userbot-error-handler.test.ts:31:20)
          at Promise.finally.completed (/home/runner/work/telegram-stories-viewer-bot/telegram-stories-viewer-bot/node_modules/jest-circus/build/jestAdapterInit.js:1559:28)
          at new Promise (<anonymous>)
          at callAsyncCircusFn (/home/runner/work/telegram-stories-viewer-bot/telegram-stories-viewer-bot/node_modules/jest-circus/build/jestAdapterInit.js:1499:10)
          at _callCircusTest (/home/runner/work/telegram-stories-viewer-bot/telegram-stories-viewer-bot/node_modules/jest-circus/build/jestAdapterInit.js:1009:40)
          at async _runTest (/home/runner/work/telegram-stories-viewer-bot/telegram-stories-viewer-bot/node_modules/jest-circus/build/jestAdapterInit.js:949:3)
          at async _runTestsForDescribeBlock (/home/runner/work/telegram-stories-viewer-bot/telegram-stories-viewer-bot/node_modules/jest-circus/build/jestAdapterInit.js:839:13)
          at async run (/home/runner/work/telegram-stories-viewer-bot/telegram-stories-viewer-bot/node_modules/jest-circus/build/jestAdapterInit.js:757:3)
          at async runAndTransformResultsToJestFormat (/home/runner/work/telegram-stories-viewer-bot/telegram-stories-viewer-bot/node_modules/jest-circus/build/jestAdapterInit.js:1920:21)
          at async jestAdapter (/home/runner/work/telegram-stories-viewer-bot/telegram-stories-viewer-bot/node_modules/jest-circus/build/runner.js:101:19)
          at async runTestInternal (/home/runner/work/telegram-stories-viewer-bot/telegram-stories-viewer-bot/node_modules/jest-runner/build/index.js:272:16)
          at async runTest (/home/runner/work/telegram-stories-viewer-bot/telegram-stories-viewer-bot/node_modules/jest-runner/build/index.js:340:7)

      at Object.onError (src/config/userbot.ts:163:15)

    console.log
      error Error: Not connected
          at FakeTelegramClient.start (/home/runner/work/telegram-stories-viewer-bot/telegram-stories-viewer-bot/__tests__/userbot-error-handler.test.ts:19:20)
          at initClient (/home/runner/work/telegram-stories-viewer-bot/telegram-stories-viewer-bot/src/config/userbot.ts:149:16)
          at Function.getInstance (/home/runner/work/telegram-stories-viewer-bot/telegram-stories-viewer-bot/src/config/userbot.ts:72:29)
          at initUserbot (/home/runner/work/telegram-stories-viewer-bot/telegram-stories-viewer-bot/src/config/userbot.ts:207:17)
          at Object.<anonymous> (/home/runner/work/telegram-stories-viewer-bot/telegram-stories-viewer-bot/__tests__/userbot-error-handler.test.ts:31:20)
          at Promise.finally.completed (/home/runner/work/telegram-stories-viewer-bot/telegram-stories-viewer-bot/node_modules/jest-circus/build/jestAdapterInit.js:1559:28)
          at new Promise (<anonymous>)
          at callAsyncCircusFn (/home/runner/work/telegram-stories-viewer-bot/telegram-stories-viewer-bot/node_modules/jest-circus/build/jestAdapterInit.js:1499:10)
          at _callCircusTest (/home/runner/work/telegram-stories-viewer-bot/telegram-stories-viewer-bot/node_modules/jest-circus/build/jestAdapterInit.js:1009:40)
          at async _runTest (/home/runner/work/telegram-stories-viewer-bot/telegram-stories-viewer-bot/node_modules/jest-circus/build/jestAdapterInit.js:949:3)
          at async _runTestsForDescribeBlock (/home/runner/work/telegram-stories-viewer-bot/telegram-stories-viewer-bot/node_modules/jest-circus/build/jestAdapterInit.js:839:13)
          at async run (/home/runner/work/telegram-stories-viewer-bot/telegram-stories-viewer-bot/node_modules/jest-circus/build/jestAdapterInit.js:757:3)
          at async runAndTransformResultsToJestFormat (/home/runner/work/telegram-stories-viewer-bot/telegram-stories-viewer-bot/node_modules/jest-circus/build/jestAdapterInit.js:1920:21)
          at async jestAdapter (/home/runner/work/telegram-stories-viewer-bot/telegram-stories-viewer-bot/node_modules/jest-circus/build/runner.js:101:19)
          at async runTestInternal (/home/runner/work/telegram-stories-viewer-bot/telegram-stories-viewer-bot/node_modules/jest-runner/build/index.js:272:16)
          at async runTest (/home/runner/work/telegram-stories-viewer-bot/telegram-stories-viewer-bot/node_modules/jest-runner/build/index.js:340:7)

      at Object.onError (src/config/userbot.ts:163:15)

    console.log
      You should now be connected.

      at initClient (src/config/userbot.ts:168:11)

    console.log


      at initClient (src/config/userbot.ts:170:11)

    console.log
      userbot initiated

      at initUserbot (src/config/userbot.ts:209:11)

PASS __tests__/telegram-retry.test.ts
PASS __tests__/locales.test.ts
PASS __tests__/timeout-monitor.test.ts
  ● Console

    console.error
      [TimeoutMonitor] Exiting after 5 connection errors within 300 seconds.

    [0m [90m 14 |[39m   errorTimestamps [33m=[39m errorTimestamps[33m.[39mfilter(t [33m=>[39m now [33m-[39m t [33m<[39m [33mTIME_WINDOW_MS[39m)[33m;[39m
     [90m 15 |[39m   [36mif[39m (errorTimestamps[33m.[39mlength [33m>=[39m [33mMAX_TIMEOUT_ERRORS[39m) {
    [31m[1m>[22m[39m[90m 16 |[39m     console[33m.[39merror(
     [90m    |[39m             [31m[1m^[22m[39m
     [90m 17 |[39m       [32m`[TimeoutMonitor] Exiting after ${errorTimestamps.length} connection errors within ${TIME_WINDOW_MS / 1000} seconds.`[39m
     [90m 18 |[39m     )[33m;[39m
     [90m 19 |[39m     process[33m.[39mexit([35m1[39m)[33m;[39m[0m

      at recordTimeoutError (src/config/timeout-monitor.ts:16:13)
      at Object.<anonymous> (__tests__/timeout-monitor.test.ts:12:23)

PASS __tests__/story-link-validation.test.ts
  ● Console

    console.log
      Global error handlers have been attached.

      at Object.<anonymous> (src/index.ts:16:9)


Test Suites: 34 passed, 34 total
Tests:       170 passed, 170 total
Snapshots:   0 total
Time:        27.863 s
Ran all test suites.
Force exiting Jest: Have you considered using `--detectOpenHandles` to detect async operations that kept running after all tests finished?
